
> aoba-meal-app@2.1.0 test
> cross-env NODE_OPTIONS="--max-old-space-size=4096" craco test --testTimeout=60000 --transformIgnorePatterns="node_modules/(?!(date-fns|@mui|@emotion)/)"

(node:20372) [DEP0040] DeprecationWarning: The `punycode` module is deprecated. Please use a userland alternative instead.
(Use `node --trace-deprecation ...` to show where the warning was created)
FAIL src/components/__tests__/StatisticsPanel.test.tsx (20.07 s)
  ● StatisticsPanel › 基本表示 › 統計パネルが正しくレンダリングされる

    TypeError: Cannot read properties of undefined (reading 'matches')

       95 |     const { state } = useApp();
       96 |     const theme = useTheme();
    >  97 |     const isMobile = useMediaQuery(theme.breakpoints.down('md'));
          |                                   ^
       98 |     const { showSuccess, showError, showWarning } = useNotification();
       99 |
      100 |     const [dateRange, setDateRange] = useState<DateRange>({

      at node_modules/@mui/system/useMediaQuery/useMediaQuery.js:70:34
      at mountSyncExternalStore (node_modules/react-dom/cjs/react-dom-client.development.js:8125:24)
      at Object.useSyncExternalStore (node_modules/react-dom/cjs/react-dom-client.development.js:26269:16)
      at maybeReactUseSyncExternalStore (node_modules/react/cjs/react.development.js:1270:34)
      at useMediaQueryImplementation (node_modules/@mui/system/useMediaQuery/useMediaQuery.js:77:17)
      at useMediaQuery (node_modules/@mui/system/useMediaQuery/useMediaQuery.js:117:19)
      at StatisticsPanel (src/components/StatisticsPanel.tsx:97:35)
      at Object.react_stack_bottom_frame (node_modules/react-dom/cjs/react-dom-client.development.js:25904:20)
      at renderWithHooks (node_modules/react-dom/cjs/react-dom-client.development.js:7662:22)
      at updateFunctionComponent (node_modules/react-dom/cjs/react-dom-client.development.js:10166:19)
      at beginWork (node_modules/react-dom/cjs/react-dom-client.development.js:11778:18)
      at runWithFiberInDEV (node_modules/react-dom/cjs/react-dom-client.development.js:874:13)
      at performUnitOfWork (node_modules/react-dom/cjs/react-dom-client.development.js:17641:22)
      at workLoopSync (node_modules/react-dom/cjs/react-dom-client.development.js:17469:41)
      at renderRootSync (node_modules/react-dom/cjs/react-dom-client.development.js:17450:11)
      at performWorkOnRoot (node_modules/react-dom/cjs/react-dom-client.development.js:16583:35)
      at performWorkOnRootViaSchedulerTask (node_modules/react-dom/cjs/react-dom-client.development.js:18957:7)
      at flushActQueue (node_modules/react/cjs/react.development.js:590:34)
      at Object.<anonymous>.process.env.NODE_ENV.exports.act (node_modules/react/cjs/react.development.js:884:10)
      at node_modules/@testing-library/react/dist/act-compat.js:47:25
      at renderRoot (node_modules/@testing-library/react/dist/pure.js:190:26)
      at render (node_modules/@testing-library/react/dist/pure.js:292:10)
      at renderWithProviders (src/components/__tests__/StatisticsPanel.test.tsx:34:18)
      at Object.<anonymous> (src/components/__tests__/StatisticsPanel.test.tsx:69:13)

  ● StatisticsPanel › 基本表示 › 今日の統計カードが表示される

    TypeError: Cannot read properties of undefined (reading 'matches')

       95 |     const { state } = useApp();
       96 |     const theme = useTheme();
    >  97 |     const isMobile = useMediaQuery(theme.breakpoints.down('md'));
          |                                   ^
       98 |     const { showSuccess, showError, showWarning } = useNotification();
       99 |
      100 |     const [dateRange, setDateRange] = useState<DateRange>({

      at node_modules/@mui/system/useMediaQuery/useMediaQuery.js:70:34
      at mountSyncExternalStore (node_modules/react-dom/cjs/react-dom-client.development.js:8125:24)
      at Object.useSyncExternalStore (node_modules/react-dom/cjs/react-dom-client.development.js:26269:16)
      at maybeReactUseSyncExternalStore (node_modules/react/cjs/react.development.js:1270:34)
      at useMediaQueryImplementation (node_modules/@mui/system/useMediaQuery/useMediaQuery.js:77:17)
      at useMediaQuery (node_modules/@mui/system/useMediaQuery/useMediaQuery.js:117:19)
      at StatisticsPanel (src/components/StatisticsPanel.tsx:97:35)
      at Object.react_stack_bottom_frame (node_modules/react-dom/cjs/react-dom-client.development.js:25904:20)
      at renderWithHooks (node_modules/react-dom/cjs/react-dom-client.development.js:7662:22)
      at updateFunctionComponent (node_modules/react-dom/cjs/react-dom-client.development.js:10166:19)
      at beginWork (node_modules/react-dom/cjs/react-dom-client.development.js:11778:18)
      at runWithFiberInDEV (node_modules/react-dom/cjs/react-dom-client.development.js:874:13)
      at performUnitOfWork (node_modules/react-dom/cjs/react-dom-client.development.js:17641:22)
      at workLoopSync (node_modules/react-dom/cjs/react-dom-client.development.js:17469:41)
      at renderRootSync (node_modules/react-dom/cjs/react-dom-client.development.js:17450:11)
      at performWorkOnRoot (node_modules/react-dom/cjs/react-dom-client.development.js:16583:35)
      at performWorkOnRootViaSchedulerTask (node_modules/react-dom/cjs/react-dom-client.development.js:18957:7)
      at flushActQueue (node_modules/react/cjs/react.development.js:590:34)
      at Object.<anonymous>.process.env.NODE_ENV.exports.act (node_modules/react/cjs/react.development.js:884:10)
      at node_modules/@testing-library/react/dist/act-compat.js:47:25
      at renderRoot (node_modules/@testing-library/react/dist/pure.js:190:26)
      at render (node_modules/@testing-library/react/dist/pure.js:292:10)
      at renderWithProviders (src/components/__tests__/StatisticsPanel.test.tsx:34:18)
      at Object.<anonymous> (src/components/__tests__/StatisticsPanel.test.tsx:77:13)

  ● StatisticsPanel › 基本表示 › 期間サマリーが表示される

    TypeError: Cannot read properties of undefined (reading 'matches')

       95 |     const { state } = useApp();
       96 |     const theme = useTheme();
    >  97 |     const isMobile = useMediaQuery(theme.breakpoints.down('md'));
          |                                   ^
       98 |     const { showSuccess, showError, showWarning } = useNotification();
       99 |
      100 |     const [dateRange, setDateRange] = useState<DateRange>({

      at node_modules/@mui/system/useMediaQuery/useMediaQuery.js:70:34
      at mountSyncExternalStore (node_modules/react-dom/cjs/react-dom-client.development.js:8125:24)
      at Object.useSyncExternalStore (node_modules/react-dom/cjs/react-dom-client.development.js:26269:16)
      at maybeReactUseSyncExternalStore (node_modules/react/cjs/react.development.js:1270:34)
      at useMediaQueryImplementation (node_modules/@mui/system/useMediaQuery/useMediaQuery.js:77:17)
      at useMediaQuery (node_modules/@mui/system/useMediaQuery/useMediaQuery.js:117:19)
      at StatisticsPanel (src/components/StatisticsPanel.tsx:97:35)
      at Object.react_stack_bottom_frame (node_modules/react-dom/cjs/react-dom-client.development.js:25904:20)
      at renderWithHooks (node_modules/react-dom/cjs/react-dom-client.development.js:7662:22)
      at updateFunctionComponent (node_modules/react-dom/cjs/react-dom-client.development.js:10166:19)
      at beginWork (node_modules/react-dom/cjs/react-dom-client.development.js:11778:18)
      at runWithFiberInDEV (node_modules/react-dom/cjs/react-dom-client.development.js:874:13)
      at performUnitOfWork (node_modules/react-dom/cjs/react-dom-client.development.js:17641:22)
      at workLoopSync (node_modules/react-dom/cjs/react-dom-client.development.js:17469:41)
      at renderRootSync (node_modules/react-dom/cjs/react-dom-client.development.js:17450:11)
      at performWorkOnRoot (node_modules/react-dom/cjs/react-dom-client.development.js:16583:35)
      at performWorkOnRootViaSchedulerTask (node_modules/react-dom/cjs/react-dom-client.development.js:18957:7)
      at flushActQueue (node_modules/react/cjs/react.development.js:590:34)
      at Object.<anonymous>.process.env.NODE_ENV.exports.act (node_modules/react/cjs/react.development.js:884:10)
      at node_modules/@testing-library/react/dist/act-compat.js:47:25
      at renderRoot (node_modules/@testing-library/react/dist/pure.js:190:26)
      at render (node_modules/@testing-library/react/dist/pure.js:292:10)
      at renderWithProviders (src/components/__tests__/StatisticsPanel.test.tsx:34:18)
      at Object.<anonymous> (src/components/__tests__/StatisticsPanel.test.tsx:87:13)

  ● StatisticsPanel › 基本表示 › グラフセクションが表示される

    TypeError: Cannot read properties of undefined (reading 'matches')

       95 |     const { state } = useApp();
       96 |     const theme = useTheme();
    >  97 |     const isMobile = useMediaQuery(theme.breakpoints.down('md'));
          |                                   ^
       98 |     const { showSuccess, showError, showWarning } = useNotification();
       99 |
      100 |     const [dateRange, setDateRange] = useState<DateRange>({

      at node_modules/@mui/system/useMediaQuery/useMediaQuery.js:70:34
      at mountSyncExternalStore (node_modules/react-dom/cjs/react-dom-client.development.js:8125:24)
      at Object.useSyncExternalStore (node_modules/react-dom/cjs/react-dom-client.development.js:26269:16)
      at maybeReactUseSyncExternalStore (node_modules/react/cjs/react.development.js:1270:34)
      at useMediaQueryImplementation (node_modules/@mui/system/useMediaQuery/useMediaQuery.js:77:17)
      at useMediaQuery (node_modules/@mui/system/useMediaQuery/useMediaQuery.js:117:19)
      at StatisticsPanel (src/components/StatisticsPanel.tsx:97:35)
      at Object.react_stack_bottom_frame (node_modules/react-dom/cjs/react-dom-client.development.js:25904:20)
      at renderWithHooks (node_modules/react-dom/cjs/react-dom-client.development.js:7662:22)
      at updateFunctionComponent (node_modules/react-dom/cjs/react-dom-client.development.js:10166:19)
      at beginWork (node_modules/react-dom/cjs/react-dom-client.development.js:11778:18)
      at runWithFiberInDEV (node_modules/react-dom/cjs/react-dom-client.development.js:874:13)
      at performUnitOfWork (node_modules/react-dom/cjs/react-dom-client.development.js:17641:22)
      at workLoopSync (node_modules/react-dom/cjs/react-dom-client.development.js:17469:41)
      at renderRootSync (node_modules/react-dom/cjs/react-dom-client.development.js:17450:11)
      at performWorkOnRoot (node_modules/react-dom/cjs/react-dom-client.development.js:16583:35)
      at performWorkOnRootViaSchedulerTask (node_modules/react-dom/cjs/react-dom-client.development.js:18957:7)
      at flushActQueue (node_modules/react/cjs/react.development.js:590:34)
      at Object.<anonymous>.process.env.NODE_ENV.exports.act (node_modules/react/cjs/react.development.js:884:10)
      at node_modules/@testing-library/react/dist/act-compat.js:47:25
      at renderRoot (node_modules/@testing-library/react/dist/pure.js:190:26)
      at render (node_modules/@testing-library/react/dist/pure.js:292:10)
      at renderWithProviders (src/components/__tests__/StatisticsPanel.test.tsx:34:18)
      at Object.<anonymous> (src/components/__tests__/StatisticsPanel.test.tsx:97:13)

  ● StatisticsPanel › データ更新機能 › 更新ボタンが機能する

    TypeError: Cannot read properties of undefined (reading 'matches')

       95 |     const { state } = useApp();
       96 |     const theme = useTheme();
    >  97 |     const isMobile = useMediaQuery(theme.breakpoints.down('md'));
          |                                   ^
       98 |     const { showSuccess, showError, showWarning } = useNotification();
       99 |
      100 |     const [dateRange, setDateRange] = useState<DateRange>({

      at node_modules/@mui/system/useMediaQuery/useMediaQuery.js:70:34
      at mountSyncExternalStore (node_modules/react-dom/cjs/react-dom-client.development.js:8125:24)
      at Object.useSyncExternalStore (node_modules/react-dom/cjs/react-dom-client.development.js:26269:16)
      at maybeReactUseSyncExternalStore (node_modules/react/cjs/react.development.js:1270:34)
      at useMediaQueryImplementation (node_modules/@mui/system/useMediaQuery/useMediaQuery.js:77:17)
      at useMediaQuery (node_modules/@mui/system/useMediaQuery/useMediaQuery.js:117:19)
      at StatisticsPanel (src/components/StatisticsPanel.tsx:97:35)
      at Object.react_stack_bottom_frame (node_modules/react-dom/cjs/react-dom-client.development.js:25904:20)
      at renderWithHooks (node_modules/react-dom/cjs/react-dom-client.development.js:7662:22)
      at updateFunctionComponent (node_modules/react-dom/cjs/react-dom-client.development.js:10166:19)
      at beginWork (node_modules/react-dom/cjs/react-dom-client.development.js:11778:18)
      at runWithFiberInDEV (node_modules/react-dom/cjs/react-dom-client.development.js:874:13)
      at performUnitOfWork (node_modules/react-dom/cjs/react-dom-client.development.js:17641:22)
      at workLoopSync (node_modules/react-dom/cjs/react-dom-client.development.js:17469:41)
      at renderRootSync (node_modules/react-dom/cjs/react-dom-client.development.js:17450:11)
      at performWorkOnRoot (node_modules/react-dom/cjs/react-dom-client.development.js:16583:35)
      at performWorkOnRootViaSchedulerTask (node_modules/react-dom/cjs/react-dom-client.development.js:18957:7)
      at flushActQueue (node_modules/react/cjs/react.development.js:590:34)
      at Object.<anonymous>.process.env.NODE_ENV.exports.act (node_modules/react/cjs/react.development.js:884:10)
      at node_modules/@testing-library/react/dist/act-compat.js:47:25
      at renderRoot (node_modules/@testing-library/react/dist/pure.js:190:26)
      at render (node_modules/@testing-library/react/dist/pure.js:292:10)
      at renderWithProviders (src/components/__tests__/StatisticsPanel.test.tsx:34:18)
      at Object.<anonymous> (src/components/__tests__/StatisticsPanel.test.tsx:153:13)

  ● StatisticsPanel › データ更新機能 › データ変更時に自動更新される

    TypeError: Cannot read properties of undefined (reading 'matches')

       95 |     const { state } = useApp();
       96 |     const theme = useTheme();
    >  97 |     const isMobile = useMediaQuery(theme.breakpoints.down('md'));
          |                                   ^
       98 |     const { showSuccess, showError, showWarning } = useNotification();
       99 |
      100 |     const [dateRange, setDateRange] = useState<DateRange>({

      at node_modules/@mui/system/useMediaQuery/useMediaQuery.js:70:34
      at mountSyncExternalStore (node_modules/react-dom/cjs/react-dom-client.development.js:8125:24)
      at Object.useSyncExternalStore (node_modules/react-dom/cjs/react-dom-client.development.js:26269:16)
      at maybeReactUseSyncExternalStore (node_modules/react/cjs/react.development.js:1270:34)
      at useMediaQueryImplementation (node_modules/@mui/system/useMediaQuery/useMediaQuery.js:77:17)
      at useMediaQuery (node_modules/@mui/system/useMediaQuery/useMediaQuery.js:117:19)
      at StatisticsPanel (src/components/StatisticsPanel.tsx:97:35)
      at Object.react_stack_bottom_frame (node_modules/react-dom/cjs/react-dom-client.development.js:25904:20)
      at renderWithHooks (node_modules/react-dom/cjs/react-dom-client.development.js:7662:22)
      at updateFunctionComponent (node_modules/react-dom/cjs/react-dom-client.development.js:10166:19)
      at beginWork (node_modules/react-dom/cjs/react-dom-client.development.js:11778:18)
      at runWithFiberInDEV (node_modules/react-dom/cjs/react-dom-client.development.js:874:13)
      at performUnitOfWork (node_modules/react-dom/cjs/react-dom-client.development.js:17641:22)
      at workLoopSync (node_modules/react-dom/cjs/react-dom-client.development.js:17469:41)
      at renderRootSync (node_modules/react-dom/cjs/react-dom-client.development.js:17450:11)
      at performWorkOnRoot (node_modules/react-dom/cjs/react-dom-client.development.js:16583:35)
      at performWorkOnRootViaSchedulerTask (node_modules/react-dom/cjs/react-dom-client.development.js:18957:7)
      at flushActQueue (node_modules/react/cjs/react.development.js:590:34)
      at Object.<anonymous>.process.env.NODE_ENV.exports.act (node_modules/react/cjs/react.development.js:884:10)
      at node_modules/@testing-library/react/dist/act-compat.js:47:25
      at renderRoot (node_modules/@testing-library/react/dist/pure.js:190:26)
      at render (node_modules/@testing-library/react/dist/pure.js:292:10)
      at renderWithProviders (src/components/__tests__/StatisticsPanel.test.tsx:34:18)
      at Object.<anonymous> (src/components/__tests__/StatisticsPanel.test.tsx:165:34)

  ● StatisticsPanel › CSV出力機能 › CSV出力ボタンが表示される

    TypeError: Cannot read properties of undefined (reading 'matches')

       95 |     const { state } = useApp();
       96 |     const theme = useTheme();
    >  97 |     const isMobile = useMediaQuery(theme.breakpoints.down('md'));
          |                                   ^
       98 |     const { showSuccess, showError, showWarning } = useNotification();
       99 |
      100 |     const [dateRange, setDateRange] = useState<DateRange>({

      at node_modules/@mui/system/useMediaQuery/useMediaQuery.js:70:34
      at mountSyncExternalStore (node_modules/react-dom/cjs/react-dom-client.development.js:8125:24)
      at Object.useSyncExternalStore (node_modules/react-dom/cjs/react-dom-client.development.js:26269:16)
      at maybeReactUseSyncExternalStore (node_modules/react/cjs/react.development.js:1270:34)
      at useMediaQueryImplementation (node_modules/@mui/system/useMediaQuery/useMediaQuery.js:77:17)
      at useMediaQuery (node_modules/@mui/system/useMediaQuery/useMediaQuery.js:117:19)
      at StatisticsPanel (src/components/StatisticsPanel.tsx:97:35)
      at Object.react_stack_bottom_frame (node_modules/react-dom/cjs/react-dom-client.development.js:25904:20)
      at renderWithHooks (node_modules/react-dom/cjs/react-dom-client.development.js:7662:22)
      at updateFunctionComponent (node_modules/react-dom/cjs/react-dom-client.development.js:10166:19)
      at beginWork (node_modules/react-dom/cjs/react-dom-client.development.js:11778:18)
      at runWithFiberInDEV (node_modules/react-dom/cjs/react-dom-client.development.js:874:13)
      at performUnitOfWork (node_modules/react-dom/cjs/react-dom-client.development.js:17641:22)
      at workLoopSync (node_modules/react-dom/cjs/react-dom-client.development.js:17469:41)
      at renderRootSync (node_modules/react-dom/cjs/react-dom-client.development.js:17450:11)
      at performWorkOnRoot (node_modules/react-dom/cjs/react-dom-client.development.js:16583:35)
      at performWorkOnRootViaSchedulerTask (node_modules/react-dom/cjs/react-dom-client.development.js:18957:7)
      at flushActQueue (node_modules/react/cjs/react.development.js:590:34)
      at Object.<anonymous>.process.env.NODE_ENV.exports.act (node_modules/react/cjs/react.development.js:884:10)
      at node_modules/@testing-library/react/dist/act-compat.js:47:25
      at renderRoot (node_modules/@testing-library/react/dist/pure.js:190:26)
      at render (node_modules/@testing-library/react/dist/pure.js:292:10)
      at renderWithProviders (src/components/__tests__/StatisticsPanel.test.tsx:34:18)
      at Object.<anonymous> (src/components/__tests__/StatisticsPanel.test.tsx:193:13)

  ● StatisticsPanel › CSV出力機能 › CSV出力ボタンをクリックするとアラートが表示される

    TypeError: Cannot read properties of undefined (reading 'matches')

       95 |     const { state } = useApp();
       96 |     const theme = useTheme();
    >  97 |     const isMobile = useMediaQuery(theme.breakpoints.down('md'));
          |                                   ^
       98 |     const { showSuccess, showError, showWarning } = useNotification();
       99 |
      100 |     const [dateRange, setDateRange] = useState<DateRange>({

      at node_modules/@mui/system/useMediaQuery/useMediaQuery.js:70:34
      at mountSyncExternalStore (node_modules/react-dom/cjs/react-dom-client.development.js:8125:24)
      at Object.useSyncExternalStore (node_modules/react-dom/cjs/react-dom-client.development.js:26269:16)
      at maybeReactUseSyncExternalStore (node_modules/react/cjs/react.development.js:1270:34)
      at useMediaQueryImplementation (node_modules/@mui/system/useMediaQuery/useMediaQuery.js:77:17)
      at useMediaQuery (node_modules/@mui/system/useMediaQuery/useMediaQuery.js:117:19)
      at StatisticsPanel (src/components/StatisticsPanel.tsx:97:35)
      at Object.react_stack_bottom_frame (node_modules/react-dom/cjs/react-dom-client.development.js:25904:20)
      at renderWithHooks (node_modules/react-dom/cjs/react-dom-client.development.js:7662:22)
      at updateFunctionComponent (node_modules/react-dom/cjs/react-dom-client.development.js:10166:19)
      at beginWork (node_modules/react-dom/cjs/react-dom-client.development.js:11778:18)
      at runWithFiberInDEV (node_modules/react-dom/cjs/react-dom-client.development.js:874:13)
      at performUnitOfWork (node_modules/react-dom/cjs/react-dom-client.development.js:17641:22)
      at workLoopSync (node_modules/react-dom/cjs/react-dom-client.development.js:17469:41)
      at renderRootSync (node_modules/react-dom/cjs/react-dom-client.development.js:17450:11)
      at performWorkOnRoot (node_modules/react-dom/cjs/react-dom-client.development.js:16583:35)
      at performWorkOnRootViaSchedulerTask (node_modules/react-dom/cjs/react-dom-client.development.js:18957:7)
      at flushActQueue (node_modules/react/cjs/react.development.js:590:34)
      at Object.<anonymous>.process.env.NODE_ENV.exports.act (node_modules/react/cjs/react.development.js:884:10)
      at node_modules/@testing-library/react/dist/act-compat.js:47:25
      at renderRoot (node_modules/@testing-library/react/dist/pure.js:190:26)
      at render (node_modules/@testing-library/react/dist/pure.js:292:10)
      at renderWithProviders (src/components/__tests__/StatisticsPanel.test.tsx:34:18)
      at Object.<anonymous> (src/components/__tests__/StatisticsPanel.test.tsx:203:13)

  ● StatisticsPanel › グラフ表示 › 日別推移グラフが表示される

    TypeError: Cannot read properties of undefined (reading 'matches')

       95 |     const { state } = useApp();
       96 |     const theme = useTheme();
    >  97 |     const isMobile = useMediaQuery(theme.breakpoints.down('md'));
          |                                   ^
       98 |     const { showSuccess, showError, showWarning } = useNotification();
       99 |
      100 |     const [dateRange, setDateRange] = useState<DateRange>({

      at node_modules/@mui/system/useMediaQuery/useMediaQuery.js:70:34
      at mountSyncExternalStore (node_modules/react-dom/cjs/react-dom-client.development.js:8125:24)
      at Object.useSyncExternalStore (node_modules/react-dom/cjs/react-dom-client.development.js:26269:16)
      at maybeReactUseSyncExternalStore (node_modules/react/cjs/react.development.js:1270:34)
      at useMediaQueryImplementation (node_modules/@mui/system/useMediaQuery/useMediaQuery.js:77:17)
      at useMediaQuery (node_modules/@mui/system/useMediaQuery/useMediaQuery.js:117:19)
      at StatisticsPanel (src/components/StatisticsPanel.tsx:97:35)
      at Object.react_stack_bottom_frame (node_modules/react-dom/cjs/react-dom-client.development.js:25904:20)
      at renderWithHooks (node_modules/react-dom/cjs/react-dom-client.development.js:7662:22)
      at updateFunctionComponent (node_modules/react-dom/cjs/react-dom-client.development.js:10166:19)
      at beginWork (node_modules/react-dom/cjs/react-dom-client.development.js:11778:18)
      at runWithFiberInDEV (node_modules/react-dom/cjs/react-dom-client.development.js:874:13)
      at performUnitOfWork (node_modules/react-dom/cjs/react-dom-client.development.js:17641:22)
      at workLoopSync (node_modules/react-dom/cjs/react-dom-client.development.js:17469:41)
      at renderRootSync (node_modules/react-dom/cjs/react-dom-client.development.js:17450:11)
      at performWorkOnRoot (node_modules/react-dom/cjs/react-dom-client.development.js:16583:35)
      at performWorkOnRootViaSchedulerTask (node_modules/react-dom/cjs/react-dom-client.development.js:18957:7)
      at flushActQueue (node_modules/react/cjs/react.development.js:590:34)
      at Object.<anonymous>.process.env.NODE_ENV.exports.act (node_modules/react/cjs/react.development.js:884:10)
      at node_modules/@testing-library/react/dist/act-compat.js:47:25
      at renderRoot (node_modules/@testing-library/react/dist/pure.js:190:26)
      at render (node_modules/@testing-library/react/dist/pure.js:292:10)
      at renderWithProviders (src/components/__tests__/StatisticsPanel.test.tsx:34:18)
      at Object.<anonymous> (src/components/__tests__/StatisticsPanel.test.tsx:216:13)

  ● StatisticsPanel › グラフ表示 › 食べた量分布グラフが表示される

    TypeError: Cannot read properties of undefined (reading 'matches')

       95 |     const { state } = useApp();
       96 |     const theme = useTheme();
    >  97 |     const isMobile = useMediaQuery(theme.breakpoints.down('md'));
          |                                   ^
       98 |     const { showSuccess, showError, showWarning } = useNotification();
       99 |
      100 |     const [dateRange, setDateRange] = useState<DateRange>({

      at node_modules/@mui/system/useMediaQuery/useMediaQuery.js:70:34
      at mountSyncExternalStore (node_modules/react-dom/cjs/react-dom-client.development.js:8125:24)
      at Object.useSyncExternalStore (node_modules/react-dom/cjs/react-dom-client.development.js:26269:16)
      at maybeReactUseSyncExternalStore (node_modules/react/cjs/react.development.js:1270:34)
      at useMediaQueryImplementation (node_modules/@mui/system/useMediaQuery/useMediaQuery.js:77:17)
      at useMediaQuery (node_modules/@mui/system/useMediaQuery/useMediaQuery.js:117:19)
      at StatisticsPanel (src/components/StatisticsPanel.tsx:97:35)
      at Object.react_stack_bottom_frame (node_modules/react-dom/cjs/react-dom-client.development.js:25904:20)
      at renderWithHooks (node_modules/react-dom/cjs/react-dom-client.development.js:7662:22)
      at updateFunctionComponent (node_modules/react-dom/cjs/react-dom-client.development.js:10166:19)
      at beginWork (node_modules/react-dom/cjs/react-dom-client.development.js:11778:18)
      at runWithFiberInDEV (node_modules/react-dom/cjs/react-dom-client.development.js:874:13)
      at performUnitOfWork (node_modules/react-dom/cjs/react-dom-client.development.js:17641:22)
      at workLoopSync (node_modules/react-dom/cjs/react-dom-client.development.js:17469:41)
      at renderRootSync (node_modules/react-dom/cjs/react-dom-client.development.js:17450:11)
      at performWorkOnRoot (node_modules/react-dom/cjs/react-dom-client.development.js:16583:35)
      at performWorkOnRootViaSchedulerTask (node_modules/react-dom/cjs/react-dom-client.development.js:18957:7)
      at flushActQueue (node_modules/react/cjs/react.development.js:590:34)
      at Object.<anonymous>.process.env.NODE_ENV.exports.act (node_modules/react/cjs/react.development.js:884:10)
      at node_modules/@testing-library/react/dist/act-compat.js:47:25
      at renderRoot (node_modules/@testing-library/react/dist/pure.js:190:26)
      at render (node_modules/@testing-library/react/dist/pure.js:292:10)
      at renderWithProviders (src/components/__tests__/StatisticsPanel.test.tsx:34:18)
      at Object.<anonymous> (src/components/__tests__/StatisticsPanel.test.tsx:221:13)

  ● StatisticsPanel › グラフ表示 › 月別トレンドグラフが表示される

    TypeError: Cannot read properties of undefined (reading 'matches')

       95 |     const { state } = useApp();
       96 |     const theme = useTheme();
    >  97 |     const isMobile = useMediaQuery(theme.breakpoints.down('md'));
          |                                   ^
       98 |     const { showSuccess, showError, showWarning } = useNotification();
       99 |
      100 |     const [dateRange, setDateRange] = useState<DateRange>({

      at node_modules/@mui/system/useMediaQuery/useMediaQuery.js:70:34
      at mountSyncExternalStore (node_modules/react-dom/cjs/react-dom-client.development.js:8125:24)
      at Object.useSyncExternalStore (node_modules/react-dom/cjs/react-dom-client.development.js:26269:16)
      at maybeReactUseSyncExternalStore (node_modules/react/cjs/react.development.js:1270:34)
      at useMediaQueryImplementation (node_modules/@mui/system/useMediaQuery/useMediaQuery.js:77:17)
      at useMediaQuery (node_modules/@mui/system/useMediaQuery/useMediaQuery.js:117:19)
      at StatisticsPanel (src/components/StatisticsPanel.tsx:97:35)
      at Object.react_stack_bottom_frame (node_modules/react-dom/cjs/react-dom-client.development.js:25904:20)
      at renderWithHooks (node_modules/react-dom/cjs/react-dom-client.development.js:7662:22)
      at updateFunctionComponent (node_modules/react-dom/cjs/react-dom-client.development.js:10166:19)
      at beginWork (node_modules/react-dom/cjs/react-dom-client.development.js:11778:18)
      at runWithFiberInDEV (node_modules/react-dom/cjs/react-dom-client.development.js:874:13)
      at performUnitOfWork (node_modules/react-dom/cjs/react-dom-client.development.js:17641:22)
      at workLoopSync (node_modules/react-dom/cjs/react-dom-client.development.js:17469:41)
      at renderRootSync (node_modules/react-dom/cjs/react-dom-client.development.js:17450:11)
      at performWorkOnRoot (node_modules/react-dom/cjs/react-dom-client.development.js:16583:35)
      at performWorkOnRootViaSchedulerTask (node_modules/react-dom/cjs/react-dom-client.development.js:18957:7)
      at flushActQueue (node_modules/react/cjs/react.development.js:590:34)
      at Object.<anonymous>.process.env.NODE_ENV.exports.act (node_modules/react/cjs/react.development.js:884:10)
      at node_modules/@testing-library/react/dist/act-compat.js:47:25
      at renderRoot (node_modules/@testing-library/react/dist/pure.js:190:26)
      at render (node_modules/@testing-library/react/dist/pure.js:292:10)
      at renderWithProviders (src/components/__tests__/StatisticsPanel.test.tsx:34:18)
      at Object.<anonymous> (src/components/__tests__/StatisticsPanel.test.tsx:226:13)

(node:432) [DEP0040] DeprecationWarning: The `punycode` module is deprecated. Please use a userland alternative instead.
(Use `node --trace-deprecation ...` to show where the warning was created)
(node:23304) [DEP0040] DeprecationWarning: The `punycode` module is deprecated. Please use a userland alternative instead.
(Use `node --trace-deprecation ...` to show where the warning was created)
FAIL src/App.test.tsx (20.741 s)
  ● renders learn react link

    TestingLibraryElementError: Unable to find an element with the text: /learn react/i. This could be because the text is broken up by multiple elements. In this case, you can provide a function for your text matcher to make your matcher more flexible.

    Ignored nodes: comments, script, style
    <body>
      <div>
        <div
          class="App"
        >
          <button
            aria-label="settings"
            class="MuiButtonBase-root MuiFab-root MuiFab-circular MuiFab-sizeLarge MuiFab-primary MuiFab-root MuiFab-circular MuiFab-sizeLarge MuiFab-primary css-fbv9f-MuiButtonBase-root-MuiFab-root"
            tabindex="0"
            type="button"
          >
            <svg
              aria-hidden="true"
              class="MuiSvgIcon-root MuiSvgIcon-fontSizeMedium css-1umw9bq-MuiSvgIcon-root"
              data-testid="SettingsIcon"
              focusable="false"
              viewBox="0 0 24 24"
            >
              <path
                d="M19.14 12.94c.04-.3.06-.61.06-.94 0-.32-.02-.64-.07-.94l2.03-1.58c.18-.14.23-.41.12-.61l-1.92-3.32c-.12-.22-.37-.29-.59-.22l-2.39.96c-.5-.38-1.03-.7-1.62-.94l-.36-2.54c-.04-.24-.24-.41-.48-.41h-3.84c-.24 0-.43.17-.47.41l-.36 2.54c-.59.24-1.13.57-1.62.94l-2.39-.96c-.22-.08-.47 0-.59.22L2.74 8.87c-.12.21-.08.47.12.61l2.03 1.58c-.05.3-.09.63-.09.94s.02.64.07.94l-2.03 1.58c-.18.14-.23.41-.12.61l1.92 3.32c.12.22.37.29.59.22l2.39-.96c.5.38 1.03.7 1.62.94l.36 2.54c.05.24.24.41.48.41h3.84c.24 0 .44-.17.47-.41l.36-2.54c.59-.24 1.13-.56 1.62-.94l2.39.96c.22.08.47 0 .59-.22l1.92-3.32c.12-.22.07-.47-.12-.61zM12 15.6c-1.98 0-3.6-1.62-3.6-3.6s1.62-3.6 3.6-3.6 3.6 1.62 3.6 3.6-1.62 3.6-3.6 3.6"
              />
            </svg>
          </button>
          <div
            class="MuiContainer-root MuiContainer-maxWidthLg css-5c1adp-MuiContainer-root"
          >
            <div
              class="MuiBox-root css-1939klg"
            >
              <h1
                class="MuiTypography-root MuiTypography-h2 MuiTypography-alignCenter MuiTypography-gutterBottom css-nekmh7-MuiTypography-root"
                style="--Typography-textAlign: center;"
              >
                給食アプリ
              </h1>
              <div
                class="MuiBox-root css-i3pbo"
              >
                <div
                  class="MuiBox-root css-k4r01e"
                >
                  <div
                    class="MuiPaper-root MuiPaper-elevation MuiPaper-rounded MuiPaper-elevation1 MuiCard-root css-1yqipmf-MuiPaper-root-MuiCard-root"
                    style="--Paper-shadow: 0px 2px 1px -1px rgba(0,0,0,0.2),0px 1px 1px 0px rgba(0,0,0,0.14),0px 1px 3px 0px rgba(0,0,0,0.12);"
                  >
                    <div
                      class="MuiCardContent-root css-bis937-MuiCardContent-root"
                    >
                      <div
                        class="MuiTypography-root MuiTypography-h2 css-1x0my2u-MuiTypography-root"
                      />
                      <h3
                        class="MuiTypography-root MuiTypography-h4 MuiTypography-gutterBottom css-ird75f-MuiTypography-root"
                      >
                        A型
                      </h3>
                      <h6
                        class="MuiTypography-root MuiTypography-h6 css-v6y499-MuiTypography-root"
                      >
                        料金: 
                        100
                        円
                      </h6>
                    </div>
                  </div>
                  <div
                    class="MuiPaper-root MuiPaper-elevation MuiPaper-rounded MuiPaper-elevation1 MuiCard-root css-o75go8-MuiPaper-root-MuiCard-root"
                    style="--Paper-shadow: 0px 2px 1px -1px rgba(0,0,0,0.2),0px 1px 1px 0px rgba(0,0,0,0.14),0px 1px 3px 0px rgba(0,0,0,0.12);"
                  >
                    <div
                      class="MuiCardContent-root css-bis937-MuiCardContent-root"
                    >
                      <div
                        class="MuiTypography-root MuiTypography-h2 css-1x0my2u-MuiTypography-root"
                      />
                      <h3
                        class="MuiTypography-root MuiTypography-h4 MuiTypography-gutterBottom css-ird75f-MuiTypography-root"
                      >
                        B型
                      </h3>
                      <h6
                        class="MuiTypography-root MuiTypography-h6 css-v6y499-MuiTypography-root"
                      >
                        料金: 
                        0
                        円
                      </h6>
                    </div>
                  </div>
                </div>
              </div>
              <div
                class="MuiBox-root css-1yjvs5a"
              >
                <div
                  class="MuiBox-root css-k4r01e"
                >
                  <div
                    class="MuiPaper-root MuiPaper-elevation MuiPaper-rounded MuiPaper-elevation1 MuiCard-root css-tb4bda-MuiPaper-root-MuiCard-root"
                    style="--Paper-shadow: 0px 2px 1px -1px rgba(0,0,0,0.2),0px 1px 1px 0px rgba(0,0,0,0.14),0px 1px 3px 0px rgba(0,0,0,0.12);"
                  >
                    <div
                      class="MuiCardContent-root css-bis937-MuiCardContent-root"
                    >
                      <div
                        class="MuiTypography-root MuiTypography-h2 css-1x0my2u-MuiTypography-root"
                      />
                      <h3
                        class="MuiTypography-root MuiTypography-h4 MuiTypography-gutterBottom css-ird75f-MuiTypography-root"
                      >
                        体験者
                      </h3>
                      <h6
                        class="MuiTypography-root MuiTypography-h6 css-v6y499-MuiTypography-root"
                      >
                        料金: 
                        400
                        円
                      </h6>
                    </div>
                  </div>
                  <div
                    class="MuiPaper-root MuiPaper-elevation MuiPaper-rounded MuiPaper-elevation1 MuiCard-root css-7jywp5-MuiPaper-root-MuiCard-root"
                    style="--Paper-shadow: 0px 2px 1px -1px rgba(0,0,0,0.2),0px 1px 1px 0px rgba(0,0,0,0.14),0px 1px 3px 0px rgba(0,0,0,0.12);"
                  >
                    <div
                      class="MuiCardContent-root css-bis937-MuiCardContent-root"
                    >
                      <div
                        class="MuiTypography-root MuiTypography-h2 css-1x0my2u-MuiTypography-root"
                      />
                      <h3
                        class="MuiTypography-root MuiTypography-h4 MuiTypography-gutterBottom css-ird75f-MuiTypography-root"
                      >
                        職員
                      </h3>
                      <h6
                        class="MuiTypography-root MuiTypography-h6 css-v6y499-MuiTypography-root"
                      >
                        料金: 
                        400
                        円
                      </h6>
                    </div>
                  </div>
                </div>
              </div>
            </div>
          </div>
        </div>
      </div>
    </body>

       5 | test('renders learn react link', () => {
       6 |   render(<App />);
    >  7 |   const linkElement = screen.getByText(/learn react/i);
         |                              ^
       8 |   expect(linkElement).toBeInTheDocument();
       9 | });
      10 |

      at Object.getElementError (node_modules/@testing-library/dom/dist/config.js:37:19)
      at node_modules/@testing-library/dom/dist/query-helpers.js:76:38
      at node_modules/@testing-library/dom/dist/query-helpers.js:52:17
      at getByText (node_modules/@testing-library/dom/dist/query-helpers.js:95:19)
      at Object.<anonymous> (src/App.test.tsx:7:30)

